// Jest Snapshot v1, https://goo.gl/fbAQLP

exports[`MyButton Should render correctly 1`] = `ShallowWrapper {}`;

exports[`MyButton should render correctly 1`] = `ShallowWrapper {}`;
